Time,Backend,GPU_ID,VRAM_MB,Power_W,GPU_Util
1781677709.99,ROCM_SMI,GPU_0,0.0,12.0,0.0
1781677712.18,ROCM_SMI,GPU_0,7861.8,203.0,100.0
1781677714.37,ROCM_SMI,GPU_0,7861.8,205.0,100.0
1781677716.57,ROCM_SMI,GPU_0,7861.8,206.0,100.0
1781677718.76,ROCM_SMI,GPU_0,7861.8,207.0,100.0
1781677720.95,ROCM_SMI,GPU_0,7861.8,208.0,100.0
1781677723.15,ROCM_SMI,GPU_0,7861.8,210.0,100.0
1781677725.34,ROCM_SMI,GPU_0,7861.8,210.0,100.0
1781677727.53,ROCM_SMI,GPU_0,7861.8,211.0,100.0
1781677729.72,ROCM_SMI,GPU_0,7861.8,211.0,100.0
1781677731.92,ROCM_SMI,GPU_0,7861.8,211.0,100.0
1781677734.10,ROCM_SMI,GPU_0,7861.8,208.0,100.0
1781677736.30,ROCM_SMI,GPU_0,7861.8,212.0,100.0
1781677738.49,ROCM_SMI,GPU_0,7861.8,210.0,100.0
1781677740.68,ROCM_SMI,GPU_0,7861.8,215.0,100.0
1781677742.87,ROCM_SMI,GPU_0,7861.8,214.0,100.0
1781677745.06,ROCM_SMI,GPU_0,7861.8,214.0,100.0
1781677747.24,ROCM_SMI,GPU_0,7861.8,214.0,100.0
1781677749.44,ROCM_SMI,GPU_0,7861.8,214.0,100.0
1781677751.62,ROCM_SMI,GPU_0,7861.8,218.0,100.0
1781677753.81,ROCM_SMI,GPU_0,7861.8,218.0,100.0
1781677756.00,ROCM_SMI,GPU_0,7861.8,216.0,100.0
1781677758.19,ROCM_SMI,GPU_0,7861.8,215.0,100.0
1781677760.38,ROCM_SMI,GPU_0,7861.8,214.0,100.0
1781677762.58,ROCM_SMI,GPU_0,7861.8,213.0,100.0
1781677764.76,ROCM_SMI,GPU_0,7861.8,217.0,100.0
1781677766.95,ROCM_SMI,GPU_0,7861.8,216.0,100.0
1781677769.14,ROCM_SMI,GPU_0,7861.8,217.0,100.0
1781677771.33,ROCM_SMI,GPU_0,7861.8,216.0,97.0
1781677773.52,ROCM_SMI,GPU_0,7861.8,219.0,100.0
1781677775.71,ROCM_SMI,GPU_0,7861.8,218.0,100.0
1781677777.90,ROCM_SMI,GPU_0,7861.8,216.0,100.0
1781677780.10,ROCM_SMI,GPU_0,7861.8,215.0,100.0
1781677782.29,ROCM_SMI,GPU_0,7861.8,213.0,100.0
1781677784.48,ROCM_SMI,GPU_0,7861.8,214.0,100.0
1781677786.67,ROCM_SMI,GPU_0,7861.8,216.0,100.0
1781677788.86,ROCM_SMI,GPU_0,7861.8,219.0,100.0
1781677791.05,ROCM_SMI,GPU_0,7861.8,217.0,100.0
1781677793.24,ROCM_SMI,GPU_0,7861.8,215.0,100.0
1781677795.43,ROCM_SMI,GPU_0,7861.8,218.0,100.0
1781677797.62,ROCM_SMI,GPU_0,7861.8,218.0,100.0
1781677799.81,ROCM_SMI,GPU_0,7861.8,221.0,100.0
1781677802.00,ROCM_SMI,GPU_0,7861.8,216.0,100.0
1781677804.19,ROCM_SMI,GPU_0,7861.8,215.0,100.0
1781677806.38,ROCM_SMI,GPU_0,7861.8,215.0,100.0
1781677808.57,ROCM_SMI,GPU_0,7861.8,215.0,100.0
1781677810.76,ROCM_SMI,GPU_0,7861.8,216.0,100.0
1781677812.95,ROCM_SMI,GPU_0,7861.8,214.0,100.0
1781677815.14,ROCM_SMI,GPU_0,7861.8,213.0,100.0
1781677817.33,ROCM_SMI,GPU_0,7861.8,214.0,89.0
1781677819.52,ROCM_SMI,GPU_0,7861.8,220.0,100.0
1781677821.71,ROCM_SMI,GPU_0,7861.8,220.0,100.0
1781677823.90,ROCM_SMI,GPU_0,7861.8,216.0,100.0
1781677826.09,ROCM_SMI,GPU_0,7861.8,217.0,100.0
1781677828.28,ROCM_SMI,GPU_0,7861.8,216.0,100.0
1781677830.47,ROCM_SMI,GPU_0,7861.8,219.0,100.0
1781677832.66,ROCM_SMI,GPU_0,7861.8,216.0,100.0
1781677834.85,ROCM_SMI,GPU_0,7861.8,215.0,100.0
1781677837.04,ROCM_SMI,GPU_0,7861.8,213.0,100.0
1781677839.23,ROCM_SMI,GPU_0,7861.8,216.0,100.0
1781677841.42,ROCM_SMI,GPU_0,7861.8,220.0,100.0
1781677843.61,ROCM_SMI,GPU_0,7861.8,223.0,100.0
1781677845.80,ROCM_SMI,GPU_0,7861.8,220.0,100.0
1781677848.00,ROCM_SMI,GPU_0,7861.8,216.0,100.0
1781677850.19,ROCM_SMI,GPU_0,7861.8,214.0,100.0
1781677852.38,ROCM_SMI,GPU_0,7861.8,215.0,100.0
1781677854.57,ROCM_SMI,GPU_0,7861.8,214.0,100.0
1781677856.76,ROCM_SMI,GPU_0,7861.8,219.0,100.0
1781677858.95,ROCM_SMI,GPU_0,7861.8,217.0,100.0
1781677861.14,ROCM_SMI,GPU_0,7861.8,217.0,100.0
1781677863.33,ROCM_SMI,GPU_0,7861.8,219.0,100.0
1781677865.52,ROCM_SMI,GPU_0,7861.8,227.0,100.0
1781677867.71,ROCM_SMI,GPU_0,7861.8,221.0,100.0
1781677869.90,ROCM_SMI,GPU_0,7861.8,219.0,100.0
1781677872.09,ROCM_SMI,GPU_0,7861.8,221.0,100.0
1781677874.28,ROCM_SMI,GPU_0,7861.8,222.0,100.0
1781677876.47,ROCM_SMI,GPU_0,7861.8,219.0,100.0
1781677878.66,ROCM_SMI,GPU_0,7861.8,217.0,100.0
1781677880.85,ROCM_SMI,GPU_0,7861.8,223.0,100.0
1781677883.04,ROCM_SMI,GPU_0,7861.8,215.0,100.0
1781677885.24,ROCM_SMI,GPU_0,7861.8,206.0,100.0
1781677887.43,ROCM_SMI,GPU_0,7861.8,222.0,100.0
1781677889.62,ROCM_SMI,GPU_0,7861.8,220.0,100.0
1781677891.81,ROCM_SMI,GPU_0,7861.8,217.0,100.0
1781677894.00,ROCM_SMI,GPU_0,7861.8,220.0,100.0
1781677896.19,ROCM_SMI,GPU_0,7861.8,216.0,100.0
1781677932.52,ROCM_SMI,GPU_0,0.0,15.0,0.0
1781677934.72,ROCM_SMI,GPU_0,7861.8,206.0,100.0
1781677936.92,ROCM_SMI,GPU_0,7861.8,211.0,100.0
1781677939.11,ROCM_SMI,GPU_0,7861.8,210.0,100.0
1781677941.31,ROCM_SMI,GPU_0,7861.8,209.0,100.0
1781677943.50,ROCM_SMI,GPU_0,7861.8,209.0,100.0
1781677945.70,ROCM_SMI,GPU_0,7861.8,211.0,100.0
1781677947.89,ROCM_SMI,GPU_0,7861.8,213.0,100.0
1781677950.08,ROCM_SMI,GPU_0,7861.8,213.0,100.0
1781677952.28,ROCM_SMI,GPU_0,7861.8,215.0,100.0
1781677954.48,ROCM_SMI,GPU_0,7861.8,211.0,100.0
1781677956.67,ROCM_SMI,GPU_0,7861.8,216.0,100.0
1781677958.87,ROCM_SMI,GPU_0,7861.8,211.0,100.0
1781677961.06,ROCM_SMI,GPU_0,7861.8,210.0,100.0
1781677963.26,ROCM_SMI,GPU_0,7861.8,215.0,100.0
1781677965.45,ROCM_SMI,GPU_0,7861.8,212.0,100.0
1781677967.65,ROCM_SMI,GPU_0,7861.8,222.0,100.0
1781677969.85,ROCM_SMI,GPU_0,7861.8,216.0,100.0
1781677972.04,ROCM_SMI,GPU_0,7861.8,213.0,100.0
1781677974.23,ROCM_SMI,GPU_0,7861.8,217.0,100.0
1781677976.43,ROCM_SMI,GPU_0,7861.8,218.0,100.0
1781677978.62,ROCM_SMI,GPU_0,7861.8,215.0,100.0
1781677980.82,ROCM_SMI,GPU_0,7861.8,207.0,100.0
1781677983.01,ROCM_SMI,GPU_0,7861.8,217.0,81.0
1781677985.21,ROCM_SMI,GPU_0,7861.8,214.0,100.0
1781677987.40,ROCM_SMI,GPU_0,7861.8,217.0,100.0
1781677989.60,ROCM_SMI,GPU_0,7861.8,220.0,100.0
1781677991.79,ROCM_SMI,GPU_0,7861.8,218.0,100.0
1781677993.98,ROCM_SMI,GPU_0,7861.8,218.0,100.0
1781677996.18,ROCM_SMI,GPU_0,7861.8,215.0,100.0
1781677998.37,ROCM_SMI,GPU_0,7861.8,213.0,100.0
1781678000.57,ROCM_SMI,GPU_0,7861.8,213.0,100.0
1781678002.76,ROCM_SMI,GPU_0,7861.8,216.0,100.0
1781678004.96,ROCM_SMI,GPU_0,7861.8,215.0,100.0
1781678007.15,ROCM_SMI,GPU_0,7861.8,215.0,100.0
1781678009.35,ROCM_SMI,GPU_0,7861.8,211.0,100.0
1781678011.54,ROCM_SMI,GPU_0,7861.8,215.0,100.0
1781678013.73,ROCM_SMI,GPU_0,7861.8,217.0,100.0
1781678015.92,ROCM_SMI,GPU_0,7861.8,216.0,100.0
1781678018.11,ROCM_SMI,GPU_0,7861.8,220.0,100.0
1781678020.30,ROCM_SMI,GPU_0,7861.8,220.0,100.0
1781678022.49,ROCM_SMI,GPU_0,7861.8,217.0,100.0
1781678024.69,ROCM_SMI,GPU_0,7861.8,219.0,100.0
1781678026.88,ROCM_SMI,GPU_0,7861.8,221.0,100.0
1781678029.07,ROCM_SMI,GPU_0,7861.8,219.0,100.0
1781678031.26,ROCM_SMI,GPU_0,7861.8,214.0,100.0
1781678033.45,ROCM_SMI,GPU_0,7861.8,218.0,100.0
1781678035.64,ROCM_SMI,GPU_0,7861.8,214.0,100.0
1781678037.83,ROCM_SMI,GPU_0,7861.8,211.0,100.0
1781678040.03,ROCM_SMI,GPU_0,7861.8,212.0,100.0
1781678042.22,ROCM_SMI,GPU_0,7861.8,217.0,100.0
1781678044.42,ROCM_SMI,GPU_0,7861.8,217.0,100.0
1781678046.61,ROCM_SMI,GPU_0,7861.8,221.0,100.0
1781678048.80,ROCM_SMI,GPU_0,7861.8,225.0,100.0
1781678050.99,ROCM_SMI,GPU_0,7861.8,218.0,100.0
1781678053.18,ROCM_SMI,GPU_0,7861.8,214.0,100.0
1781678055.37,ROCM_SMI,GPU_0,7861.8,215.0,100.0
1781678057.56,ROCM_SMI,GPU_0,7861.8,212.0,100.0
1781678059.75,ROCM_SMI,GPU_0,7861.8,214.0,100.0
1781678061.94,ROCM_SMI,GPU_0,7861.8,213.0,100.0
1781678064.14,ROCM_SMI,GPU_0,7861.8,215.0,100.0
1781678066.33,ROCM_SMI,GPU_0,7861.8,213.0,100.0
1781678068.52,ROCM_SMI,GPU_0,7861.8,219.0,100.0
1781678070.71,ROCM_SMI,GPU_0,7861.8,218.0,100.0
1781678072.90,ROCM_SMI,GPU_0,7861.8,217.0,100.0
1781678075.09,ROCM_SMI,GPU_0,7861.8,215.0,100.0
1781678077.28,ROCM_SMI,GPU_0,7861.8,214.0,100.0
1781678079.47,ROCM_SMI,GPU_0,7861.8,214.0,100.0
1781678081.66,ROCM_SMI,GPU_0,7861.8,217.0,100.0
1781678083.86,ROCM_SMI,GPU_0,7861.8,218.0,100.0
1781678086.05,ROCM_SMI,GPU_0,7861.8,215.0,100.0
1781678088.24,ROCM_SMI,GPU_0,7861.8,214.0,100.0
1781678090.43,ROCM_SMI,GPU_0,7861.8,217.0,100.0
1781678092.62,ROCM_SMI,GPU_0,7861.8,221.0,83.0
1781678094.81,ROCM_SMI,GPU_0,7861.8,217.0,100.0
1781678097.00,ROCM_SMI,GPU_0,7861.8,220.0,100.0
1781678099.19,ROCM_SMI,GPU_0,7861.8,217.0,100.0
1781678101.38,ROCM_SMI,GPU_0,7861.8,216.0,100.0
1781678103.58,ROCM_SMI,GPU_0,7861.8,218.0,100.0
1781678105.77,ROCM_SMI,GPU_0,7861.8,219.0,100.0
1781678107.96,ROCM_SMI,GPU_0,7861.8,222.0,100.0
1781678110.15,ROCM_SMI,GPU_0,7861.8,220.0,100.0
1781678112.34,ROCM_SMI,GPU_0,7861.8,221.0,100.0
1781678114.53,ROCM_SMI,GPU_0,7861.8,221.0,100.0
1781678116.73,ROCM_SMI,GPU_0,7861.8,196.0,100.0
1781678118.92,ROCM_SMI,GPU_0,7861.8,215.0,90.0
1781678121.11,ROCM_SMI,GPU_0,7861.8,219.0,100.0
1781678123.31,ROCM_SMI,GPU_0,7861.8,220.0,100.0
1781678125.50,ROCM_SMI,GPU_0,7861.8,223.0,100.0
1781678127.69,ROCM_SMI,GPU_0,7861.8,220.0,100.0
1781678129.88,ROCM_SMI,GPU_0,7861.8,217.0,100.0
1781678132.07,ROCM_SMI,GPU_0,7861.8,217.0,100.0
1781678134.26,ROCM_SMI,GPU_0,7861.8,217.0,100.0
1781678136.45,ROCM_SMI,GPU_0,7861.8,212.0,100.0
1781678138.64,ROCM_SMI,GPU_0,7861.8,217.0,100.0
1781678140.83,ROCM_SMI,GPU_0,7861.8,219.0,100.0
1781678143.02,ROCM_SMI,GPU_0,7861.8,211.0,100.0
1781678145.21,ROCM_SMI,GPU_0,7861.8,218.0,100.0
1781678147.41,ROCM_SMI,GPU_0,7861.8,221.0,100.0
1781678149.60,ROCM_SMI,GPU_0,7861.8,222.0,100.0
1781678151.79,ROCM_SMI,GPU_0,7861.8,220.0,100.0
1781678153.98,ROCM_SMI,GPU_0,7861.8,218.0,100.0
1781678156.17,ROCM_SMI,GPU_0,7861.8,219.0,100.0
1781678158.36,ROCM_SMI,GPU_0,7861.8,216.0,100.0
1781678160.55,ROCM_SMI,GPU_0,7861.8,217.0,100.0
1781678162.74,ROCM_SMI,GPU_0,7861.8,218.0,100.0
1781678164.93,ROCM_SMI,GPU_0,7861.8,219.0,100.0
1781678167.12,ROCM_SMI,GPU_0,7861.8,218.0,100.0
1781678169.31,ROCM_SMI,GPU_0,7861.8,217.0,100.0
1781678171.50,ROCM_SMI,GPU_0,7861.8,219.0,100.0
1781678173.69,ROCM_SMI,GPU_0,7861.8,223.0,100.0
1781678175.88,ROCM_SMI,GPU_0,7861.8,224.0,100.0
1781678178.07,ROCM_SMI,GPU_0,7861.8,220.0,100.0
1781678180.26,ROCM_SMI,GPU_0,7861.8,218.0,100.0
1781678182.45,ROCM_SMI,GPU_0,7861.8,220.0,100.0
1781678184.65,ROCM_SMI,GPU_0,7861.8,217.0,100.0
1781678186.84,ROCM_SMI,GPU_0,7861.8,217.0,100.0
1781678189.03,ROCM_SMI,GPU_0,7861.8,219.0,100.0
1781678191.23,ROCM_SMI,GPU_0,7861.8,216.0,100.0
1781678193.41,ROCM_SMI,GPU_0,7861.8,213.0,100.0
1781678195.61,ROCM_SMI,GPU_0,7861.8,214.0,100.0
1781678197.80,ROCM_SMI,GPU_0,7861.8,213.0,100.0
1781678199.99,ROCM_SMI,GPU_0,7861.8,220.0,100.0
1781678202.18,ROCM_SMI,GPU_0,7861.8,222.0,100.0
1781678204.37,ROCM_SMI,GPU_0,7861.8,217.0,100.0
1781678206.57,ROCM_SMI,GPU_0,7861.8,217.0,100.0
1781678208.76,ROCM_SMI,GPU_0,7861.8,216.0,100.0
1781678210.95,ROCM_SMI,GPU_0,7861.8,221.0,100.0
1781678213.14,ROCM_SMI,GPU_0,7861.8,215.0,100.0
1781678215.33,ROCM_SMI,GPU_0,7861.8,218.0,100.0
1781678217.52,ROCM_SMI,GPU_0,7861.8,218.0,100.0
1781678219.71,ROCM_SMI,GPU_0,7861.8,209.0,100.0
1781678221.90,ROCM_SMI,GPU_0,7861.8,217.0,100.0
1781678224.09,ROCM_SMI,GPU_0,7861.8,218.0,100.0
1781678226.28,ROCM_SMI,GPU_0,7861.8,220.0,100.0
1781678228.47,ROCM_SMI,GPU_0,7861.8,220.0,100.0
1781678230.66,ROCM_SMI,GPU_0,7861.8,218.0,100.0
1781678232.85,ROCM_SMI,GPU_0,7861.8,217.0,100.0
1781678235.04,ROCM_SMI,GPU_0,7861.8,220.0,100.0
1781678237.23,ROCM_SMI,GPU_0,7861.8,222.0,100.0
1781678239.42,ROCM_SMI,GPU_0,7861.8,219.0,100.0
1781678241.61,ROCM_SMI,GPU_0,7861.8,220.0,100.0
1781678243.80,ROCM_SMI,GPU_0,7861.8,219.0,100.0
1781678245.99,ROCM_SMI,GPU_0,7861.8,215.0,100.0
1781678248.18,ROCM_SMI,GPU_0,7861.8,217.0,100.0
1781678250.38,ROCM_SMI,GPU_0,7861.8,219.0,100.0
1781678252.57,ROCM_SMI,GPU_0,7861.8,219.0,100.0
1781678254.76,ROCM_SMI,GPU_0,7861.8,220.0,100.0
1781678256.95,ROCM_SMI,GPU_0,7861.8,222.0,100.0
1781678259.14,ROCM_SMI,GPU_0,7861.8,223.0,100.0
1781678261.33,ROCM_SMI,GPU_0,7861.8,219.0,100.0
1781678263.52,ROCM_SMI,GPU_0,7861.8,217.0,100.0
1781678265.71,ROCM_SMI,GPU_0,7861.8,218.0,100.0
1781678267.90,ROCM_SMI,GPU_0,7861.8,216.0,100.0
1781678270.10,ROCM_SMI,GPU_0,7861.8,214.0,100.0
1781678272.29,ROCM_SMI,GPU_0,7861.8,217.0,100.0
1781678274.48,ROCM_SMI,GPU_0,7861.8,220.0,100.0
1781678276.67,ROCM_SMI,GPU_0,7861.8,223.0,100.0
1781678278.86,ROCM_SMI,GPU_0,7861.8,222.0,100.0
1781678281.06,ROCM_SMI,GPU_0,7861.8,217.0,100.0
1781678283.25,ROCM_SMI,GPU_0,7861.8,214.0,100.0
1781678285.44,ROCM_SMI,GPU_0,7861.8,217.0,100.0
1781678287.63,ROCM_SMI,GPU_0,7861.8,213.0,100.0
1781678289.83,ROCM_SMI,GPU_0,7861.8,218.0,100.0
1781678292.02,ROCM_SMI,GPU_0,7861.8,224.0,100.0
1781678294.21,ROCM_SMI,GPU_0,7861.8,220.0,100.0
1781678296.40,ROCM_SMI,GPU_0,7861.8,216.0,100.0
1781678298.59,ROCM_SMI,GPU_0,7861.8,215.0,100.0
1781678300.78,ROCM_SMI,GPU_0,7861.8,221.0,100.0
1781678302.97,ROCM_SMI,GPU_0,7861.8,221.0,100.0
1781678305.16,ROCM_SMI,GPU_0,7861.8,220.0,100.0
1781678307.35,ROCM_SMI,GPU_0,7861.8,216.0,100.0
1781678309.56,ROCM_SMI,GPU_0,7861.8,215.0,100.0
1781678311.75,ROCM_SMI,GPU_0,7861.8,217.0,100.0
1781678313.94,ROCM_SMI,GPU_0,7861.8,216.0,100.0
1781678316.13,ROCM_SMI,GPU_0,7861.8,218.0,100.0
1781678318.32,ROCM_SMI,GPU_0,7861.8,219.0,100.0
1781678320.51,ROCM_SMI,GPU_0,7861.8,217.0,100.0
1781678322.70,ROCM_SMI,GPU_0,7861.8,216.0,100.0
1781678324.89,ROCM_SMI,GPU_0,7861.8,216.0,100.0
1781678327.08,ROCM_SMI,GPU_0,7861.8,219.0,100.0
1781678329.27,ROCM_SMI,GPU_0,7861.8,221.0,100.0
1781678331.46,ROCM_SMI,GPU_0,7861.8,215.0,100.0
1781678333.66,ROCM_SMI,GPU_0,7861.8,215.0,100.0
1781678335.85,ROCM_SMI,GPU_0,7861.8,218.0,100.0
1781678338.04,ROCM_SMI,GPU_0,7861.8,218.0,100.0
1781678340.23,ROCM_SMI,GPU_0,7861.8,220.0,100.0
1781678342.42,ROCM_SMI,GPU_0,7861.8,221.0,100.0
1781678344.61,ROCM_SMI,GPU_0,7861.8,215.0,100.0
1781678346.80,ROCM_SMI,GPU_0,7861.8,231.0,100.0
1781678349.00,ROCM_SMI,GPU_0,7861.8,219.0,100.0
1781678351.19,ROCM_SMI,GPU_0,7861.8,218.0,100.0
1781678353.38,ROCM_SMI,GPU_0,7861.8,220.0,100.0
1781678355.57,ROCM_SMI,GPU_0,7861.8,218.0,100.0
1781678357.76,ROCM_SMI,GPU_0,7861.8,219.0,100.0
1781678359.96,ROCM_SMI,GPU_0,7861.8,222.0,100.0
1781678362.15,ROCM_SMI,GPU_0,7861.8,218.0,100.0
1781678364.34,ROCM_SMI,GPU_0,7861.8,222.0,100.0
1781678366.53,ROCM_SMI,GPU_0,7861.8,217.0,100.0
1781678368.72,ROCM_SMI,GPU_0,7861.8,219.0,100.0
1781678370.91,ROCM_SMI,GPU_0,7861.8,215.0,100.0
1781678373.10,ROCM_SMI,GPU_0,7861.8,211.0,100.0
1781678375.29,ROCM_SMI,GPU_0,7861.8,219.0,100.0
1781678377.48,ROCM_SMI,GPU_0,7861.8,218.0,100.0
1781678379.67,ROCM_SMI,GPU_0,7861.8,219.0,100.0
1781678381.87,ROCM_SMI,GPU_0,7861.8,222.0,100.0
1781678384.06,ROCM_SMI,GPU_0,7861.8,214.0,100.0
1781678386.25,ROCM_SMI,GPU_0,7861.8,219.0,100.0
1781678388.44,ROCM_SMI,GPU_0,7861.8,215.0,100.0
1781678390.64,ROCM_SMI,GPU_0,7861.8,217.0,100.0
1781678392.83,ROCM_SMI,GPU_0,7861.8,217.0,100.0
1781678395.02,ROCM_SMI,GPU_0,7861.8,216.0,100.0
1781678397.21,ROCM_SMI,GPU_0,7861.8,220.0,100.0
1781678399.40,ROCM_SMI,GPU_0,7861.8,217.0,100.0
1781678401.60,ROCM_SMI,GPU_0,7861.8,219.0,100.0
1781678403.79,ROCM_SMI,GPU_0,7861.8,221.0,100.0
1781678405.98,ROCM_SMI,GPU_0,7861.8,219.0,100.0
1781678408.17,ROCM_SMI,GPU_0,7861.8,221.0,100.0
1781678410.36,ROCM_SMI,GPU_0,7861.8,216.0,100.0
1781678412.55,ROCM_SMI,GPU_0,7861.8,220.0,100.0
1781678414.74,ROCM_SMI,GPU_0,7861.8,219.0,100.0
1781678416.93,ROCM_SMI,GPU_0,7861.8,220.0,100.0
1781678419.12,ROCM_SMI,GPU_0,7861.8,225.0,100.0
1781678421.31,ROCM_SMI,GPU_0,7861.8,219.0,100.0
1781678423.50,ROCM_SMI,GPU_0,7861.8,221.0,100.0
1781678425.70,ROCM_SMI,GPU_0,7861.8,217.0,100.0
1781678427.89,ROCM_SMI,GPU_0,7861.8,199.0,100.0
1781678430.08,ROCM_SMI,GPU_0,7861.8,219.0,100.0
1781678432.27,ROCM_SMI,GPU_0,7861.8,222.0,100.0
1781678434.46,ROCM_SMI,GPU_0,7861.8,224.0,100.0
1781678436.66,ROCM_SMI,GPU_0,7861.8,217.0,100.0
1781678438.85,ROCM_SMI,GPU_0,7861.8,218.0,100.0
1781678441.04,ROCM_SMI,GPU_0,7861.8,223.0,100.0
1781678443.23,ROCM_SMI,GPU_0,7861.8,216.0,100.0
1781678445.43,ROCM_SMI,GPU_0,7861.8,217.0,100.0
1781678447.62,ROCM_SMI,GPU_0,7861.8,220.0,100.0
1781678449.81,ROCM_SMI,GPU_0,7861.8,218.0,100.0
1781678452.00,ROCM_SMI,GPU_0,7861.8,215.0,100.0
1781678454.19,ROCM_SMI,GPU_0,7861.8,210.0,100.0
1781678456.38,ROCM_SMI,GPU_0,7861.8,219.0,100.0
1781678458.57,ROCM_SMI,GPU_0,7861.8,218.0,100.0
1781678460.76,ROCM_SMI,GPU_0,7861.8,219.0,100.0
1781678462.95,ROCM_SMI,GPU_0,7861.8,218.0,100.0
1781678465.14,ROCM_SMI,GPU_0,7861.8,219.0,100.0
